---
source: compiler-core/src/type_/tests/exhaustiveness.rs
expression: "\npub fn main(x) {\n  case x {\n    True -> 1\n    False -> 2\n    True -> 3\n  }\n}\n"
---
----- SOURCE CODE

pub fn main(x) {
  case x {
    True -> 1
    False -> 2
    True -> 3
  }
}


----- WARNING
warning: Unreachable pattern
  ┌─ /src/warning/wrn.gleam:6:5
  │
6 │     True -> 3
  │     ^^^^

This pattern cannot be reached as a previous pattern matches the same
values.

Hint: It can be safely removed.
