---
source: compiler-core/src/type_/tests/errors.rs
expression: "let id = fn(x) { x(x) } 1"

---
error: Recursive type
  ┌─ /src/one/two.gleam:1:20
  │
1 │ let id = fn(x) { x(x) } 1
  │                    ^


