---
source: compiler-core/src/type_/tests/errors.rs
expression: "type A(a) { A };\n           type B = a"

---

error: Unknown type
  ┌─ /src/one/two.gleam:2:21
  │
2 │            type B = a
  │                     ^ did you mean `A`?

The type `a` is not defined or imported in this module.

