---
source: compiler-core/src/type_/tests/warnings.rs
assertion_line: 213
expression: "pub fn main() -> String {\n  todo\n}"
---

warning: Todo found
  ┌─ /src/warning/wrn.gleam:2:3
  │
2 │   todo
  │   ^^^^ This code is incomplete

This code will crash if it is run. Be sure to finish this before
running your program.
Hint: I think its type is `String`.


