---
source: compiler-core/src/type_/tests/errors.rs
expression: try x = Error(1) 1

---
error: Type mismatch
  ┌─ /src/one/two.gleam:1:18
  │
1 │ try x = Error(1) 1
  │                  ^

Expected type:

    Result(a, Int)

Found type:

    Int


