---
source: compiler-core/src/type_/tests/errors.rs
expression: "let id = fn(x) { x } id(1, 2)"

---
error: Incorrect arity
  ┌─ /src/one/two.gleam:1:22
  │
1 │ let id = fn(x) { x } id(1, 2)
  │                      ^^^^^^^^ expected 1 arguments, got 2


