---
source: compiler-core/src/language_server/tests/action.rs
expression: "\nimport wibble\n\npub fn main() {\n  wibble.wobble |> woo(_)\n}\n\nfn woo(n) { todo }\n"
---
----- BEFORE ACTION

import wibble

pub fn main() {
  wibble.wobble |> woo(_)
                   â†‘     
}

fn woo(n) { todo }


----- AFTER ACTION

import wibble

pub fn main() {
  woo(wibble.wobble)
}

fn woo(n) { todo }
