---
source: compiler-core/src/erlang/tests/variables.rs
expression: "external fn func() -> Nil = \"one.two\" \"three.four\"\n\npub fn main() {\n  func\n}"

---
-module(the_app).
-compile(no_auto_import).

-export([main/0]).

-spec main() -> fun(() -> nil).
main() ->
    fun 'one.two':'three.four'/0.

