---
source: compiler-core/src/erlang/tests/strings.rs
expression: "\npub fn y_with_dieresis_with_slash() -> String {\n  \"\\\\\\u{0308}y\"\n}\n"
---
-module(my@mod).
-compile([no_auto_import, nowarn_unused_vars, nowarn_unused_function]).

-export([y_with_dieresis_with_slash/0]).

-spec y_with_dieresis_with_slash() -> binary().
y_with_dieresis_with_slash() ->
    <<"\\\x{0308}y"/utf8>>.

