---
source: compiler-core/src/erlang/tests/pipes.rs
assertion_line: 119
expression: "\npub fn main() {\n  123\n  |> two(\n    1 |> two(2),\n    _,\n  )\n}\n\npub fn two(a, b) {\n  a\n}\n"
---
-module(the_app).
-compile(no_auto_import).

-export([main/0, two/2]).

-spec main() -> integer().
main() ->
    _pipe = 123,
    two(
        begin
            _pipe@1 = 1,
            two(_pipe@1, 2)
        end,
        _pipe
    ).

-spec two(integer(), integer()) -> integer().
two(A, B) ->
    A.

