---
source: compiler-core/src/javascript/tests/externals.rs
assertion_line: 71
expression: "pub external type Queue(a)\npub external fn new() -> Queue(a) = \"queue\" \"new\"\n"
---
export type Queue$<A> = any;

export function new$(): Queue$<any>;

