---
source: compiler-core/src/javascript/tests/consts.rs
assertion_line: 5
expression: "import other_module.{A as B}\n\npub const local = B\n"
---
import * as $other_module from "../../package/other_module.mjs";
import { A as B } from "../../package/other_module.mjs";

export const local = new B();
