---
source: compiler-core/src/javascript/tests/modules.rs
expression: "import one\npub fn go() { one.go() }\n"

---
import * as $one from "other_package/one.js";

export function go() {
  return $one.go();
}

