---
source: compiler-core/src/javascript/tests/bit_strings.rs
assertion_line: 71
expression: "\nfn go() {\n  <<256:size(4)>>\n}\n"
---
import { toBitString, sizedInteger } from "../gleam.mjs";

function go() {
  return toBitString([sizedInteger(256, 4)]);
}

