---
source: compiler-core/src/erlang/tests.rs
assertion_line: 451
expression: "pub type X { Div }"
---
-module(the_app).
-compile(no_auto_import).

-export_type([x/0]).

-type x() :: 'div'.



